Test 2026-06-23.11-38-38:
[key] "We"
[key] " have"
[key] " a"
[key] " new"
[key] " state"
[del] 4
[key] "State tabl"
[key] " driven"
[cur] 0
[cur] 32
[cur] 19
[cur] 13
[del] 6
[cur] 20
[cur] 19
[del] 1
[cur] 20
[key] "/"
[cur] 19
[del] 1
[cur] 20
[key] "-"
[cur] 26
[key] " "
[key] "coo"
[key] "rdi"
[key] "nat"
[key] "e"
[del] 1
[key] "or"
[key] " for a"
[key] " Messages"
[key] " back"
[del] 13
[key] "messages back-and-forth"
[cur] 27
[cur] 68
[key] " "
[del] 1
[key] "."
[key] " "
[key] "Ther"
[key] "e"
[key] "’s a lot"
[key] " more"
[key] " case"
[key] "s than"
[key] " I"
[key] "."
[del] 1
[key] " can"
[key] " figure"
[key] " out"
[key] " how"
[key] " to do"
[key] " here."
[del] 1
[key] " but this"
[del] 7
[key] ", but this "
[key] " just"
[key] " a"
[key] " smoke"
[key] " test"
[key] "."
[cur] 70
[del] 93
[key] "There’s a lot more cases than I can figure out how to do here, but this is just a smoke test."
[expect] "We have a new table-driven coordinator for a messages back-and-forth. There’s a lot more cases than I can figure out how to do here, but this is just a smoke test."
[send] "We have a new table-driven coordinator for a messages back-and-forth. There’s a lot more cases than I can figure out how to do here, but this is just a smoke test."

Test 2026-06-23.11-40-23:
[key] " "
[cur] 0
[del] 1
[key] "It"
[key] " hasn’t Sol"
[del] 3
[key] "solved"
[key] " the"
[key] " problem where"
[key] " you"
[key] " forget"
[key] " to"
[key] " yield"
[cur] 0
[cur] 54
[key] " "
[cur] 48
[del] 7
[cur] 45
[del] 3
[cur] 38
[del] 7
[cur] 34
[del] 4
[cur] 28
[del] 6
[key] " "
[key] "we"
[key] "re"
[key] " you"
[del] 7
[key] "here you Yile"
[del] 4
[key] "yield"
[del] 15
[key] "Were you yield too soon"
[key] " and have to"
[key] " get"
[key] " reminded."
[cur] 29
[cur] 78
[cur] 77
[del] 1
[key] ","
[key] " "
[key] "or"
[key] " where"
[del] 4
[key] "ere you"
[key] " respond?"
[del] 1
[key] " to the"
[key] " reminder"
[key] " instead of"
[key] " just"
[key] " yell"
[key] "ed?"
[del] 2
[key] "ing"
[cur] 79
[cur] 139
[cur] 138
[del] 1
[key] "?"
[cur] 130
[del] 9
[cur] 125
[del] 5
[key] " "
[key] "j"
[key] "ust"
[key] " Yi"
[del] 2
[key] "yield"
[key] "ing"
[cur] 126
[cur] 139
[key] " "
[del] 1
[key] "."
[key] " "
[key] "I"
[key] " have already"
[del] 13
[key] "’ve already tried."
[del] 1
[key] " ha"
[del] 1
[key] " five"
[key] " way"
[key] "s to"
[key] " fix"
[key] " that."
[cur] 141
[cur] 184
[cur] 29
[cur] 30
[cur] 31
[cur] 30
[cur] 29
[del] 1
[cur] 30
[key] "w"
[cur] 31
[key] "h"
[cur] 88
[cur] 83
[cur] 84
[cur] 83
[cur] 84
[cur] 85
[key] "h"
[expect] "It hasn’t solved the problem where you yield too soon and have to get reminded, or where you respond to the reminder instead of just yielding. I have already tried five ways to fix that."
[send] "It hasn’t solved the problem where you yield too soon and have to get reminded, or where you respond to the reminder instead of just yielding. I have already tried five ways to fix that."

Test 2026-06-23.11-41-25:
[key] "Di"
[key] "d"
[key] " you"
[key] " actually"
[key] " write?"
[cur] 0
[cur] 23
[cur] 22
[del] 1
[key] " "
[key] "“"
[key] "<"
[key] "N"
[key] "o"
[key] " "
[key] "c"
[key] "o"
[key] "n"
[key] "t"
[key] "e"
[key] "n"
[key] "t"
[key] ">"
[key] "”"
[key] " "
[del] 1
[key] "."
[key] " "
[key] "That"
[key] "’s"
[key] " content."
[cur] 39
[cur] 54
[cur] 53
[del] 1
[key] "!"
[expect] "Did you actually write “<No content>”. That’s content!"
[send] "Did you actually write “<No content>”. That’s content!"

Test 2026-06-23.11-49-55:
[key] "I"
[key] " have"
[key] " a"
[cur] 0
[cur] 8
[key] " "
[key] "b"
[key] "i"
[key] "g"
[key] " project"
[key] " for you"
[cur] 9
[cur] 28
[key] " "
[del] 1
[key] "."
[key] " "
[key] "G"
[key] "o"
[key] " through"
[key] " the"
[key] " built"
[del] 5
[key] "Bill Glow"
[del] 4
[key] "glossary."
[cur] 30
[cur] 59
[del] 4
[key] "built"
[cur] 60
[cur] 59
[del] 1
[key] " "
[cur] 59
[del] 1
[key] " "
[del] 1
[key] "."
[key] " "
[key] "F"
[key] "or"
[key] " every"
[key] " term"
[key] " that start"
[key] "s with"
[key] " a capital"
[key] " letter"
[key] "."
[cur] 61
[cur] 110
[cur] 109
[del] 1
[key] ","
[key] " "
[key] "d"
[key] "eterm"
[key] "ine"
[key] " whether"
[key] " that"
[key] " is"
[key] " correct"
[cur] 111
[cur] 144
[key] " "
[key] "("
[key] "i"
[key] "t"
[key] "’s"
[key] " a pro"
[key] "per"
[key] " noun"
[cur] 146
[cur] 164
[key] ")"
[key] " "
[key] "o"
[key] "r"
[key] " just"
[key] " style"
[del] 1
[key] "istic"
[cur] 166
[cur] 183
[key] " "
[del] 1
[key] "."
[key] " "
[key] "I"
[key] "f"
[key] " the"
[key] " Ladd"
[del] 4
[key] "ladder."
[cur] 185
[cur] 199
[cur] 198
[del] 1
[key] "."
[cur] 191
[del] 8
[cur] 187
[del] 4
[key] " "
[cur] 169
[del] 22
[key] "l"
[cur] 166
[del] 1
[cur] 165
[del] 1
[key] "."
[key] " "
[key] "I"
[key] "f"
[key] " not"
[key] "."
[cur] 167
[cur] 174
[cur] 173
[del] 1
[key] ","
[key] " "
[key] "fin"
[key] "d"
[key] " the definition"
[key] "."
[cur] 175
[cur] 195
[cur] 194
[del] 1
[key] "."
[cur] 183
[del] 12
[key] " "
[key] "@"
[key] "t"
[key] "e"
[key] "r"
[key] "m"
[key] " "
[key] "an"
[key] "d c"
[key] "orr"
[key] "ect"
[key] "ed"
[del] 2
[key] " it to"
[del] 6
[key] "ed it to be"
[key] " lower"
[key] "case"
[cur] 190
[cur] 222
[key] " "
[del] 1
[key] "."
[key] " "
[key] "T"
[key] "her"
[key] "e"
[key] " are"
[key] " a lot"
[key] " of these."
[cur] 224
[cur] 249
[cur] 248
[del] 1
[key] ","
[key] " "
[key] "mayb"
[key] "e"
[key] " "
[cur] 253
[del] 1
[cur] 255
[key] " "
[key] "a"
[key] "s"
[key] " many"
[key] " as 50"
[cur] 256
[cur] 269
[key] " "
[del] 1
[key] "."
[key] " "
[expect] "I have a big project for you. Go through the built glossary. For every term that starts with a capital letter, determine whether that is correct (it’s a proper noun). If not, find the @term and corrected it to be lowercase. There are a lot of these, maybe as many as 50. "
[send] "I have a big project for you. Go through the built glossary. For every term that starts with a capital letter, determine whether that is correct (it’s a proper noun). If not, find the @term and corrected it to be lowercase. There are a lot of these, maybe as many as 50."

Test 2026-06-23.11-50-46:
[key] "N"
[key] "ope"
[key] ", that wasn’t"
[key] " the"
[key] " call"
[cur] 0
[del] 26
[key] "Nope, that wasn’t the call"
[expect] "Nope, that wasn’t the call"
[send] "Nope, that wasn’t the call"

Test 2026-06-23.11-51-28:
[key] "N"
[key] "o"
[key] "p"
[key] "e"
[expect] "Nope"
[send] "Nope"

Test 2026-06-23.11-52-57:
[key] "H"
[key] "i"
[expect] "Hi"
[send] "Hi"

Test 2026-06-23.11-53-23:
[key] "Did"
[key] " you get"
[key] " a prom"
[key] "pt?"
[cur] 0
[cur] 21
[cur] 20
[del] 1
[key] " "
[key] "ab"
[key] "out"
[key] " this"
[key] " conversation"
[cur] 21
[cur] 44
[key] "?"
[expect] "Did you get a prompt about this conversation?"
[send] "Did you get a prompt about this conversation?"

Test 2026-06-23.11-53-52:
[key] "I"
[key] " just"
[key] " expect"
[key] "ed"
[key] " you to"
[key] " ack"
[key] "nowledge it"
[key] " when we"
[key] " started"
[cur] 0
[cur] 53
[key] " "
[del] 1
[key] "."
[key] " "
[key] "I"
[key] " had"
[key] " to"
[key] " say"
[key] " hi"
[key] " to"
[key] " get"
[key] " a"
[key] " response from"
[key] " you."
[cur] 55
[del] 43
[key] "I had to say hi to get a response from you."
[expect] "I just expected you to acknowledge it when we started. I had to say hi to get a response from you."
[send] "I just expected you to acknowledge it when we started. I had to say hi to get a response from you."

Test 2026-06-23.11-54-09:
[key] "I have a big project for you. Go through the built glossary. For every term that starts with a capital letter, determine whether that is correct (it’s a proper noun). If not, find the @term and corrected it to be lowercase. There are a lot of these, maybe as many as 50. "
[expect] "I have a big project for you. Go through the built glossary. For every term that starts with a capital letter, determine whether that is correct (it’s a proper noun). If not, find the @term and corrected it to be lowercase. There are a lot of these, maybe as many as 50. "
[send] "I have a big project for you. Go through the built glossary. For every term that starts with a capital letter, determine whether that is correct (it’s a proper noun). If not, find the @term and corrected it to be lowercase. There are a lot of these, maybe as many as 50."

Test 2026-06-23.11-58-48:
[key] "Yo"
[key] "ur"
[key] " choice"
[key] "s are"
[key] " all"
[key] " perfect"
[cur] 0
[cur] 28
[key] " "
[del] 1
[key] "."
[key] " "
[key] "Pr"
[key] "o"
[key] "ceed."
[cur] 30
[del] 8
[key] "Proceed."
[expect] "Your choices are all perfect. Proceed."
[send] "Your choices are all perfect. Proceed."

Test 2026-06-23.14-57-26:
[key] "Plea"
[key] "se fi"
[key] "x"
[key] " 30"
[del] 1
[key] "5"
[key] " and 30"
[del] 1
[key] "9"
[key] " if you can"
[cur] 0
[del] 31
[key] "Please fix 35 and 39 if you can"
[expect] "Please fix 35 and 39 if you can"
[send] "Please fix 35 and 39 if you can"

