Test 2026-07-03.22-04-39:
[key] "I"
[key] "’m"
[key] " back"
[key] " after"
[key] " a long"
[key] " time"
[cur] 0
[cur] 26
[key] " "
[del] 1
[key] "."
[key] " "
[key] "D"
[key] "o"
[key] " you"
[key] " have"
[key] " a to"
[key] "-do"
[key] " list"
[key] "?"
[cur] 28
[del] 25
[key] "Do you have a to-do list?"
[expect] "I’m back after a long time. Do you have a to-do list?"
[send] "I’m back after a long time. Do you have a to-do list?"

Test 2026-07-03.22-06-36:
[key] "O"
[key] "K"
[cur] 0
[cur] 2
[key] " "
[del] 1
[key] "."
[key] " "
[key] "I"
[key] " have imp"
[key] "lemented"
[key] " deep"
[key] " link"
[key] "ing."
[cur] 4
[cur] 36
[key] " "
[key] "Tr"
[key] "ail"
[key] "s have"
[key] " been"
[key] " replace"
[key] "d"
[key] " by"
[key] " T"
[key] "O"
[key] "C."
[cur] 37
[cur] 70
[key] " "
[key] "The"
[key] " new trail"
[key] " sounds like"
[key] "."
[key] " good work"
[cur] 107
[key] " The new trail sounds like good work."
[cur] 142
[del] 1
[cur] 141
[del] 1
[cur] 140
[del] 1
[cur] 139
[del] 1
[cur] 138
[del] 1
[cur] 137
[del] 1
[cur] 136
[del] 1
[cur] 135
[del] 1
[cur] 134
[del] 1
[cur] 133
[del] 1
[mic] on
[mic] "A"
[mic] "A good"
[mic] "A good project"
[cur] 148
[key] "."
[cur] 149
[key] " "
[mic] "I"
[mic] "I feel"
[mic] "I feel like"
[mic] "I feel like we"
[mic] "I feel like we did"
[mic] "I feel like we did the"
[mic] "I feel like we did the inside"
[mic] "I feel like we did the inside out"
[mic] "I feel like we did the inside out seem"
[cur] 188
[key] " "
[del] 1
[key] "."
[cur] 189
[key] " "
[mic] "And"
[mic] "And I"
[mic] "And I think"
[mic] "And I think we"
[mic] "And I think we did"
[mic] "And I think we did the"
[mic] "And I think we did the Glaus"
[mic] "And I think we did the gloss"
[mic] "And I think we did the glossary"
[mic] "And I think we did the glossary capitalization"
[mic] off
[expect] "OK. I have implemented deep linking. Trails have been replaced by TOC. The new trail sounds like good work The new trail sounds like A good project. I feel like we did the inside out seem. And I think we did the glossary capitalization ."
[send] "OK. I have implemented deep linking. Trails have been replaced by TOC. The new trail sounds like good work The new trail sounds like A good project. I feel like we did the inside out seem. And I think we did the glossary capitalization ."

Test 2026-07-03.22-09-04:
[key] "1"
[key] "0"
[key] "0"
[key] " "
[key] "T"
[key] "o"
[key] "d"
[key] "o"
[key] " "
[key] "he"
[key] "’s no"
[key] " longer"
[key] " access"
[key] "ible"
[key] " because it"
[key] "’s not"
[key] " in the"
[key] " TO"
[key] "C"
[cur] 9
[cur] 62
[key] " "
[del] 1
[key] "."
[key] " "
[cur] 12
[cur] 13
[cur] 64
[del] 4
[key] "i"
[cur] 11
[key] "s"
[cur] 62
[cur] 11
[cur] 62
[key] "I"
[key] " wonder if"
[key] " you"
[key] " put"
[key] " it in"
[key] " a"
[key] " section"
[key] " called"
[key] " resource"
[key] "s"
[cur] 62
[cur] 114
[cur] 105
[cur] 106
[key] "“"
[cur] 115
[key] "”"
[key] " "
[key] "if"
[key] " it"
[key] " would merge"
[key] " with the"
[key] " other"
[key] " one"
[cur] 117
[cur] 153
[key] " "
[del] 1
[key] "."
[key] " "
[key] "P"
[key] "r"
[key] "oba"
[key] "bly"
[key] " not but"
[key] " that"
[del] 9
[key] ", but that would be"
[key] " a good"
[key] " feature"
[key] " to add."
[cur] 155
[cur] 209
[key] " "
[key] " "
[key] "So "
[key] "cre"
[key] "ate"
[key] "."
[del] 1
[key] " the"
[key] " last"
[key] " section"
[key] " and"
[key] " talk"
[key] " called"
[key] " resource."
[key] "s"
[cur] 264
[key] " "
[mic] on
[mic] "And"
[mic] "And put"
[mic] "And put the"
[mic] "And put the two"
[mic] "And put the to-do"
[mic] "And put the to-do list"
[mic] "And put the to-do list in"
[mic] "And put the to-do list in it"
[mic] off
[expect] "100 Todo is no longer accessible because it’s not in the TOC. I wonder if you put it in a section called “resources” if it would merge with the other one. Probably not, but that would be a good feature to add.  So create the last section and talk called resources and put the to-do list in it ."
[send] "100 Todo is no longer accessible because it’s not in the TOC. I wonder if you put it in a section called “resources” if it would merge with the other one. Probably not, but that would be a good feature to add.  So create the last section and talk called resources and put the to-do list in it ."

Test 2026-07-03.22-11-47:
[key] "A"
[key] "s"
[key] " I"
[del] 1
[key] "a sus"
[del] 5
[key] "I suspected"
[key] " there are"
[key] " now"
[key] " two"
[key] " resource"
[key] "s section"
[del] 9
[key] " sections"
[cur] 0
[cur] 50
[key] " "
[del] 1
[key] "."
[key] " "
[key] "And "
[key] "I"
[key] " have"
[key] " a"
[key] " feature"
[key] " to"
[key] " add."
[cur] 52
[cur] 80
[key] " "
[key] " "
[key] "C"
[key] "an"
[key] " yo"
[key] "u s"
[key] "ee"
[key] " the error"
[key] "s?"
[cur] 82
[cur] 105
[key] " "
[key] " "
[key] "It"
[key] " might be"
[key] " good"
[key] " to"
[key] " clean them"
[key] " up"
[key] " now."
[cur] 107
[cur] 145
[cur] 81
[cur] 80
[cur] 81
[key] " "
[expect] "As I suspected there are now two resource sections. And I have a feature to add.   Can you see the errors?  It might be good to clean them up now."
[send] "As I suspected there are now two resource sections. And I have a feature to add.   Can you see the errors?  It might be good to clean them up now."

Test 2026-07-03.22-14-27:
[mic] on
[mic] "Delete"
[mic] "Delete one"
[mic] "Delete 10"
[mic] "Delete 101"
[mic] "Delete 101 and"
[mic] "Delete 1:01 and one"
[mic] "Delete 101 and 10"
[mic] "Delete 101 and 102"
[mic] "Delete 101 and 102."
[mic] "Delete 101 and 102. Fix"
[mic] "Delete 101 and 102. Fix the"
[mic] "Delete 101 and 102. Fix the trail"
[mic] "Delete 101 and 102. Fix the trails"
[mic] "Delete 101 and 102. Fix the trails link"
[mic] "Delete 101 and 102. Fix the trails link it"
[mic] "Delete 101 and 102. Fix the trails link it's"
[mic] "Delete 101 and 102. Fix the trails link it's been"
[mic] "Delete 101 and 102. Fix the trails link it's been worth"
[mic] "Delete 101 and 102. Fix the trails link it's not worth"
[mic] "Delete 101 and 102. Fix the trails link it's not worth talking"
[mic] "Delete 101 and 102. Fix the trails link it's not worth talking about"
[mic] "Delete 101 and 102. Fix the trails link it's not worth talking about trail"
[mic] "Delete 101 and 102. Fix the trails link it's not worth talking about trails"
[mic] "Delete 101 and 102. Fix the trails link it's not worth talking about trails anymore"
[mic] "Delete 101 and 102. Fix the trails link it's not worth talking about trails anymore."
[mic] "Delete 101 and 102. Fix the trails link it's not worth talking about trails anymore, but"
[mic] "Delete 101 and 102. Fix the trails link it's not worth talking about trails anymore, but what"
[mic] "Delete 101 and 102. Fix the trails link it's not worth talking about trails anymore, but what left"
[mic] "Delete 101 and 102. Fix the trails link it's not worth talking about trails anymore, but what's left"
[mic] "Delete 101 and 102. Fix the trails link it's not worth talking about trails anymore, but what's left of"
[mic] "Delete 101 and 102. Fix the trails link it's not worth talking about trails anymore, but what's left of that"
[mic] "Delete 101 and 102. Fix the trails link it's not worth talking about trails anymore, but what's left of that conversation"
[mic] "Delete 101 and 102. Fix the trails link it's not worth talking about trails anymore, but what's left of that conversation might"
[mic] "Delete 101 and 102. Fix the trails link it's not worth talking about trails anymore, but what's left of that conversation might apply"
[mic] "Delete 101 and 102. Fix the trails link it's not worth talking about trails anymore, but what's left of that conversation might apply to"
[mic] "Delete 101 and 102. Fix the trails link it's not worth talking about trails anymore, but what's left of that conversation might apply to the"
[mic] "Delete 101 and 102. Fix the trails link it's not worth talking about trails anymore, but what's left of that conversation might apply to the table"
[mic] "Delete 101 and 102. Fix the trails link it's not worth talking about trails anymore, but what's left of that conversation might apply to the table of"
[mic] "Delete 101 and 102. Fix the trails link it's not worth talking about trails anymore, but what's left of that conversation might apply to the table of content"
[mic] "Delete 101 and 102. Fix the trails link it's not worth talking about trails anymore, but what's left of that conversation might apply to the table of contents"
[mic] "Delete 101 and 102. Fix the trails link it's not worth talking about trails anymore, but what's left of that conversation might apply to the table of contents order"
[mic] "Delete 101 and 102. Fix the trails link it's not worth talking about trails anymore, but what's left of that conversation might apply to the table of contents order."
[mic] "Delete 101 and 102. Fix the trails link it's not worth talking about trails anymore, but what's left of that conversation might apply to the table of contents order I"
[mic] "Delete 101 and 102. Fix the trails link it's not worth talking about trails anymore, but what's left of that conversation might apply to the table of contents order I wonder"
[mic] "Delete 101 and 102. Fix the trails link it's not worth talking about trails anymore, but what's left of that conversation might apply to the table of contents order. I wonder if"
[mic] "Delete 101 and 102. Fix the trails link it's not worth talking about trails anymore, but what's left of that conversation might apply to the table of contents order. I wonder if the"
[mic] "Delete 101 and 102. Fix the trails link it's not worth talking about trails anymore, but what's left of that conversation might apply to the table of contents order. I wonder if the image"
[mic] "Delete 101 and 102. Fix the trails link it's not worth talking about trails anymore, but what's left of that conversation might apply to the table of contents order. I wonder if the image direct"
[mic] "Delete 101 and 102. Fix the trails link it's not worth talking about trails anymore, but what's left of that conversation might apply to the table of contents order. I wonder if the image directives"
[mic] "Delete 101 and 102. Fix the trails link it's not worth talking about trails anymore, but what's left of that conversation might apply to the table of contents order. I wonder if the image directives are"
[mic] "Delete 101 and 102. Fix the trails link it's not worth talking about trails anymore, but what's left of that conversation might apply to the table of contents order. I wonder if the image directives are just"
[mic] "Delete 101 and 102. Fix the trails link it's not worth talking about trails anymore, but what's left of that conversation might apply to the table of contents order. I wonder if the image directives are just miss"
[mic] "Delete 101 and 102. Fix the trails link it's not worth talking about trails anymore, but what's left of that conversation might apply to the table of contents order. I wonder if the image directives are just misspell"
[mic] "Delete 101 and 102. Fix the trails link it's not worth talking about trails anymore, but what's left of that conversation might apply to the table of contents order. I wonder if the image directives are just misspelled"
[mic] "Delete 101 and 102. Fix the trails link it's not worth talking about trails anymore, but what's left of that conversation might apply to the table of contents order. I wonder if the image directives are just misspelled."
[mic] "Delete 101 and 102. Fix the trails link it's not worth talking about trails anymore, but what's left of that conversation might apply to the table of contents order. I wonder if the image directives are just misspelled. The"
[mic] "Delete 101 and 102. Fix the trails link it's not worth talking about trails anymore, but what's left of that conversation might apply to the table of contents order. I wonder if the image directives are just misspelled. The foot"
[mic] "Delete 101 and 102. Fix the trails link it's not worth talking about trails anymore, but what's left of that conversation might apply to the table of contents order. I wonder if the image directives are just misspelled. The footnote"
[mic] "Delete 101 and 102. Fix the trails link it's not worth talking about trails anymore, but what's left of that conversation might apply to the table of contents order. I wonder if the image directives are just misspelled. The footnotes"
[mic] "Delete 101 and 102. Fix the trails link it's not worth talking about trails anymore, but what's left of that conversation might apply to the table of contents order. I wonder if the image directives are just misspelled. The footnotes direct"
[mic] "Delete 101 and 102. Fix the trails link it's not worth talking about trails anymore, but what's left of that conversation might apply to the table of contents order. I wonder if the image directives are just misspelled. The footnotes directive"
[mic] "Delete 101 and 102. Fix the trails link it's not worth talking about trails anymore, but what's left of that conversation might apply to the table of contents order. I wonder if the image directives are just misspelled. The footnotes directive is"
[mic] "Delete 101 and 102. Fix the trails link it's not worth talking about trails anymore, but what's left of that conversation might apply to the table of contents order. I wonder if the image directives are just misspelled. The footnotes directive is just"
[mic] "Delete 101 and 102. Fix the trails link it's not worth talking about trails anymore, but what's left of that conversation might apply to the table of contents order. I wonder if the image directives are just misspelled. The footnotes directive is just called"
[mic] "Delete 101 and 102. Fix the trails link it's not worth talking about trails anymore, but what's left of that conversation might apply to the table of contents order. I wonder if the image directives are just misspelled. The footnotes directive is just called note"
[mic] "Delete 101 and 102. Fix the trails link it's not worth talking about trails anymore, but what's left of that conversation might apply to the table of contents order. I wonder if the image directives are just misspelled. The footnotes directive is just called notes"
[mic] "Delete 101 and 102. Fix the trails link it's not worth talking about trails anymore, but what's left of that conversation might apply to the table of contents order. I wonder if the image directives are just misspelled. The footnotes directive is just called notes now"
[mic] "Delete 101 and 102. Fix the trails link it's not worth talking about trails anymore, but what's left of that conversation might apply to the table of contents order. I wonder if the image directives are just misspelled. The footnotes directive is just called notes now."
[mic] off
[expect] "Delete 101 and 102. Fix the trails link it's not worth talking about trails anymore, but what's left of that conversation might apply to the table of contents order. I wonder if the image directives are just misspelled. The footnotes directive is just called notes now."
[send] "Delete 101 and 102. Fix the trails link it's not worth talking about trails anymore, but what's left of that conversation might apply to the table of contents order. I wonder if the image directives are just misspelled. The footnotes directive is just called notes now."

Test 2026-07-03.22-16-02:
[key] "Con"
[key] "tin"
[key] "ue"
[cur] 0
[del] 8
[key] "Continue"
[expect] "Continue"
[send] "Continue"

Test 2026-07-03.22-20-02:
[mic] on
[mic] "It"
[mic] "It looks"
[mic] "It looks like"
[mic] "It looks like map"
[mic] "It looks like map and"
[mic] "It looks like map and foot"
[mic] "It looks like map and footnote"
[mic] "It looks like map and footnotes"
[mic] "It looks like map and footnotes are"
[mic] "It looks like map and footnotes are left"
[mic] "It looks like map and footnotes are left over"
[mic] "It looks like map and footnotes are left over Stu"
[mic] "It looks like map and footnotes are left over Stubb"
[mic] "It looks like map and footnotes are left over Stubbs"
[key] " "
[del] 1
[key] "."
[key] " "
[mic] "It looks like map and footnotes are left over Stubbs if"
[mic] "It looks like map and footnotes are left over Stubbs if they"
[mic] "It looks like map and footnotes are left over Stubbs if they are"
[mic] "It looks like map and footnotes are left over Stubbs if they aren't"
[mic] "It looks like map and footnotes are left over Stubbs if they aren't in"
[mic] "It looks like map and footnotes are left over Stubbs if they aren't in the"
[mic] "It looks like map and footnotes are left over Stubbs if they aren't in the T"
[mic] "It looks like map and footnotes are left over Stubbs if they aren't in the TO"
[mic] "It looks like map and footnotes are left over Stubbs if they aren't in the TOCO"
[mic] "It looks like map and footnotes are left over Stubbs if they aren't in the TOC"
[mic] "It looks like map and footnotes are left over Stubbs if they aren't in the TOC they"
[mic] "It looks like map and footnotes are left over Stubbs if they aren't in the TOC they can"
[mic] "It looks like map and footnotes are left over Stubbs. If they aren't in the TOC they can be"
[mic] "It looks like map and footnotes are left over Stubbs. If they aren't in the TOC they can be remove"
[mic] "It looks like map and footnotes are left over Stubbs. If they aren't in the TOC they can be remove."
[mic] "It looks like map and footnotes are left over Stubbs. If they aren't in the TOC they can be removed"
[mic] "It looks like map and footnotes are left over Stubbs. If they aren't in the TOC they can be removed."
[cur] 46
[del] 5
[cur] 47
[key] "t"
[cur] 48
[key] "u"
[cur] 49
[key] "b"
[cur] 50
[key] "s"
[cur] 101
[pause]
[fix] "If they aren't in the TOC they can be removed.. " -> "If they aren't in the Table of Contents they can be removed."
[mic] "I"
[mic] "I reg"
[mic] "I reject"
[mic] "I rejected"
[mic] "I rejected your"
[mic] "I rejected your edit"
[mic] "I rejected your edits"
[mic] "I rejected your edits of"
[mic] "I rejected your edits of 30"
[mic] "I rejected your edits of 39"
[mic] "I rejected your edits of 39 and"
[mic] "I rejected your edits of 39 and 50"
[mic] "I rejected your edits of 39 and 55"
[mic] "I rejected your edits of 39 and 55 because"
[mic] "I rejected your edits of 39 and 55 because you"
[mic] "I rejected your edits of 39 and 55 because you mentioned"
[mic] "I rejected your edits of 39 and 55 because you mentioned the"
[mic] "I rejected your edits of 39 and 55 because you mentioned the M"
[mic] "I rejected your edits of 39 and 55 because you mentioned the MD"
[mic] "I rejected your edits of 39 and 55 because you mentioned the MD file"
[mic] "I rejected your edits of 39 and 55 because you mentioned the MD files"
[mic] "I rejected your edits of 39 and 55 because you mentioned the MD files were"
[mic] "I rejected your edits of 39 and 55 because you mentioned the MD files weren't"
[mic] "I rejected your edits of 39 and 55 because you mentioned the MD files weren't miss"
[mic] "I rejected your edits of 39 and 55 because you mentioned the MD files weren't misspell"
[mic] "I rejected your edits of 39 and 55 because you mentioned the MD files weren't misspelled"
[mic] "I rejected your edits of 39 and 55 because you mentioned the MD files weren't misspelled but"
[mic] "I rejected your edits of 39 and 55 because you mentioned the MD files weren't misspelled but I"
[mic] "I rejected your edits of 39 and 55 because you mentioned the MD files weren't misspelled, but I was"
[mic] "I rejected your edits of 39 and 55 because you mentioned the MD files weren't misspelled, but I was asking"
[mic] "I rejected your edits of 39 and 55 because you mentioned the MD files weren't misspelled, but I was asking about"
[mic] "I rejected your edits of 39 and 55 because you mentioned the MD files weren't misspelled, but I was asking about the"
[mic] "I rejected your edits of 39 and 55 because you mentioned the MD files weren't misspelled, but I was asking about the image"
[mic] "I rejected your edits of 39 and 55 because you mentioned the MD files weren't misspelled, but I was asking about the image file"
[mic] "I rejected your edits of 39 and 55 because you mentioned the MD files weren't misspelled, but I was asking about the image file name"
[mic] "I rejected your edits of 39 and 55 because you mentioned the MD files weren't misspelled, but I was asking about the image file names"
[key] " "
[del] 1
[key] "."
[key] " "
[mic] "I rejected your edits of 39 and 55 because you mentioned the MD files weren't misspelled, but I was asking about the image file names you"
[mic] "I rejected your edits of 39 and 55 because you mentioned the MD files weren't misspelled, but I was asking about the image file names you might"
[mic] "I rejected your edits of 39 and 55 because you mentioned the MD files weren't misspelled, but I was asking about the image file names you might find"
[mic] "I rejected your edits of 39 and 55 because you mentioned the MD files weren't misspelled, but I was asking about the image file names. You might find something"
[mic] "I rejected your edits of 39 and 55 because you mentioned the MD files weren't misspelled, but I was asking about the image file names. You might find something similar"
[mic] "I rejected your edits of 39 and 55 because you mentioned the MD files weren't misspelled, but I was asking about the image file names. You might find something similar in"
[mic] "I rejected your edits of 39 and 55 because you mentioned the MD files weren't misspelled, but I was asking about the image file names. You might find something similar in the"
[mic] "I rejected your edits of 39 and 55 because you mentioned the MD files weren't misspelled, but I was asking about the image file names. You might find something similar in the image"
[mic] "I rejected your edits of 39 and 55 because you mentioned the MD files weren't misspelled, but I was asking about the image file names. You might find something similar in the image list"
[mic] "I rejected your edits of 39 and 55 because you mentioned the MD files weren't misspelled, but I was asking about the image file names. You might find something similar in the image list."
[mic] off
[expect] "It looks like map and footnotes are left over tubss. If they aren't in the TOC they can be removed.. I rejected your edits of 39 and 55 because you mentioned the MD files weren't misspelled, but I was asking about the image file names. You might find something similar in the image list.. "
[send] "It looks like map and footnotes are left over tubss. If they aren't in the TOC they can be removed.. I rejected your edits of 39 and 55 because you mentioned the MD files weren't misspelled, but I was asking about the image file names. You might find something similar in the image list.."

Test 2026-07-03.22-23-45:
[key] "I"
[key] " D"
[key] "on"
[del] 3
[key] "don’t"
[key] " see"
[key] " 30"
[del] 1
[key] "9"
[key] " and"
[key] " 50"
[del] 1
[key] "5"
[key] " images"
[key] " in the"
[key] " image"
[key] " list"
[cur] 0
[cur] 46
[key] " "
[del] 1
[key] "."
[key] " "
[key] "T"
[key] "he"
[key] "y"
[key] " might"
[key] " be"
[key] " in the"
[key] "."
[cur] 48
[cur] 69
[key] " "
[cur] 69
[del] 1
[cur] 68
[del] 1
[key] " "
[key] "g"
[key] "i"
[del] 1
[key] "o"
[key] " "
[cur] 71
[del] 1
[cur] 70
[del] 1
[key] "i"
[key] "t"
[key] " "
[key] "A"
[key] "rch"
[key] "ite"
[key] "xtu"
[key] "re"
[cur] 80
[del] 11
[key] "archiv"
[cur] 80
[key] "￼"
[cur] 79
[del] 1
[cur] 80
[key] " archive "
[cur] 86
[cur] 87
[cur] 88
[cur] 79
[del] 10
[key] "e"
[key] " "
[del] 1
[key] "."
[key] " "
[mic] on
[mic] "Do"
[mic] "Do you"
[mic] "Do you have"
[mic] "Do you have the"
[mic] "Do you have the ability"
[mic] "Do you have the ability to"
[mic] "Do you have the ability to look"
[mic] "Do you have the ability to look into"
[mic] "Do you have the ability to look into it"
[mic] "Do you have the ability to look into it?"
[mic] off
[expect] "I don’t see 39 and 55 images in the image list. They might be in the git archive. Do you have the ability to look into it?"
[send] "I don’t see 39 and 55 images in the image list. They might be in the git archive. Do you have the ability to look into it?"

Test 2026-07-03.22-25-22:
[key] "T"
[key] "h"
[key] "is"
[key] " is"
[key] " for me"
[key] " to add"
[key] " in the"
[key] " build"
[key] "er"
[cur] 0
[cur] 36
[key] ":"
[key] " "
[key] "t"
[cur] 38
[del] 1
[key] "i"
[key] "f"
[key] " there is"
[key] " a"
[key] " TO"
[key] "C"
[key] " section"
[key] " named"
[key] " resource"
[key] "s"
[cur] 38
[cur] 79
[key] ","
[key] " "
[key] "m"
[key] "arr"
[key] "iag"
[key] "e"
[del] 7
[key] "erge it"
[key] " into the"
[key] " automat"
[key] "ically, Jeanne"
[del] 8
[key] " generated"
[cur] 81
[cur] 122
[key] " "
[key] "r"
[key] "eso"
[key] "urc"
[key] "e"
[key] "s"
[key] " section"
[cur] 123
[cur] 140
[key] " "
[del] 1
[key] "."
[key] " "
[expect] "This is for me to add in the builder: if there is a TOC section named resources, merge it into the automatically generated resources section. "
[send] "This is for me to add in the builder: if there is a TOC section named resources, merge it into the automatically generated resources section."

Test 2026-07-03.22-31-51:
[key] "I"
[key] " noticed"
[key] " that"
[key] " at"
[key] " least"
[key] " one chapter"
[key] " has a"
[key] " transition"
[key] " section"
[cur] 0
[cur] 60
[key] " "
[del] 1
[key] "."
[key] " "
[key] "I"
[key] "t"
[key] "’s my goal"
[key] " to"
[key] " make"
[key] " a trans"
[key] "ition."
[del] 1
[key] " for"
[key] " every"
[key] " section"
[key] "."
[del] 1
[key] " to the"
[key] " next"
[key] " section in"
[key] " the"
[key] " talk."
[cur] 62
[cur] 146
[key] " "
[cur] 146
[del] 1
[cur] 145
[del] 1
[cur] 144
[del] 1
[cur] 143
[del] 1
[cur] 142
[del] 1
[cur] 141
[del] 1
[key] "t"
[key] "o"
[key] "c"
[del] 3
[key] "TOC"
[key] ","
[key] " "
[key] "D"
[key] "on"
[del] 3
[key] "don’t worry I’m"
[key] " not"
[key] " sure the"
[key] " section"
[key] "s"
[cur] 146
[cur] 183
[cur] 151
[cur] 145
[del] 38
[key] " "
[key] "thou"
[key] "gh"
[key] " I"
[key] "’m not sure"
[key] " the"
[key] " chapter"
[key] "s"
[key] " in a given"
[key] " section"
[key] " are really"
[key] " in the"
[key] " best"
[key] " order"
[cur] 146
[cur] 226
[cur] 113
[cur] 109
[cur] 113
[del] 7
[key] "c"
[cur] 108
[key] "h"
[cur] 109
[key] "a"
[cur] 110
[key] "o"
[cur] 111
[key] "t"
[cur] 112
[key] "e"
[cur] 113
[key] "r"
[del] 1
[key] "p"
[cur] 133
[del] 6
[cur] 126
[del] 1
[cur] 127
[key] "x"
[cur] 126
[del] 1
[cur] 127
[key] "c"
[cur] 128
[key] "h"
[cur] 129
[key] "a"
[cur] 130
[key] "o"
[cur] 131
[key] "t"
[cur] 132
[key] "e"
[cur] 133
[key] "r"
[del] 1
[key] "p"
[cur] 134
[key] " "
[cur] 133
[del] 1
[cur] 226
[expect] "I noticed that at least one chapter has a transition section. It’s my goal to make a transition for every chapter to the next chapter in the TOC, though I’m not sure the chapters in a given section are really in the best order"
[send] "I noticed that at least one chapter has a transition section. It’s my goal to make a transition for every chapter to the next chapter in the TOC, though I’m not sure the chapters in a given section are really in the best order"

Test 2026-07-03.22-33-21:
[mic] on
[mic] "I"
[mic] "I think"
[mic] "I think we"
[mic] "I think we should"
[mic] "I think we should do"
[mic] "I think we should do B"
[mic] "I think we should do B because"
[mic] "I think we should do B because we"
[mic] "I think we should do B because we probably"
[mic] "I think we should do B because we probably only"
[mic] "I think we should do B because we probably only have"
[mic] "I think we should do B because we probably only have one"
[mic] "I think we should do B because we probably only have one or"
[mic] "I think we should do B because we probably only have one or two"
[mic] "I think we should do B because we probably only have one or two trans"
[mic] "I think we should do B because we probably only have one or two transition"
[mic] "I think we should do B because we probably only have one or two transitions"
[mic] "I think we should do B because we probably only have one or two transitions today"
[mic] off
[expect] "I think we should do B because we probably only have one or two transitions today"
[send] "I think we should do B because we probably only have one or two transitions today"

Test 2026-07-03.22-34-46:
[key] "It"
[key] "’s"
[key] " interesting"
[key] " that 30"
[del] 1
[key] "9"
[key] " are"
[cur] 26
[del] 4
[key] "55"
[key] " or"
[key] " the"
[key] " two missing"
[key] " images"
[cur] 0
[cur] 52
[cur] 26
[cur] 25
[cur] 24
[cur] 23
[cur] 22
[cur] 23
[cur] 22
[cur] 24
[cur] 25
[key] " "
[cur] 26
[key] "a"
[cur] 27
[key] "n"
[cur] 28
[key] "d"
[cur] 29
[key] " "
[cur] 32
[cur] 29
[del] 2
[key] "a"
[cur] 34
[key] "r"
[cur] 35
[key] "e"
[expect] "It’s interesting that 39 and 55 are the two missing images"
[send] "It’s interesting that 39 and 55 are the two missing images"

Test 2026-07-03.22-39-45:
[key] "Le"
[key] "t m"
[key] "e"
[key] " point"
[key] " out"
[key] " that the"
[key] " chapter"
[key] "s"
[key] " are"
[key] " currently"
[key] " in very"
[key] " different"
[key] " shape"
[cur] 0
[cur] 72
[key] ","
[key] " "
[key] "o"
[key] "nly"
[key] " because"
[key] " most"
[key] " of"
[key] " them"
[key] " may be"
[key] " all"
[key] " of"
[key] " them"
[key] " are"
[key] " in"
[key] "complete"
[cur] 74
[cur] 133
[key] " "
[del] 1
[key] "."
[key] " "
[key] "S"
[key] "ome"
[key] " have"
[key] " had"
[key] " a lot"
[key] " of"
[key] " work."
[cur] 135
[cur] 163
[key] ","
[key] " "
[cur] 164
[del] 1
[cur] 163
[del] 1
[cur] 162
[del] 1
[key] ","
[key] " "
[key] "o"
[key] "the"
[key] "r"
[key] " others"
[key] " just a"
[del] 7
[key] ", just a collect"
[key] "ion"
[key] " of idea"
[key] "s"
[cur] 164
[cur] 204
[key] ","
[key] " "
[key] "non"
[key] "e"
[key] " have"
[key] " had"
[key] " my"
[key] " final"
[key] " edit"
[cur] 206
[cur] 233
[key] " "
[key] " "
[cur] 169
[cur] 163
[del] 6
[cur] 229
[cur] 228
[del] 1
[cur] 227
[del] 1
[key] " "
[del] 1
[key] "."
[key] " "
[key] "So"
[key] " yo"
[key] "ur"
[key] " point"
[key] " about the"
[key] " transition"
[key] " match"
[del] 6
[key] "s matching."
[del] 9
[key] ", matching the"
[cur] 229
[cur] 279
[cur] 278
[del] 1
[key] " "
[key] "de"
[key] "pth"
[key] " of the"
[key] " section"
[key] " is kind of"
[key] " irrelevant"
[cur] 279
[cur] 321
[cur] 299
[cur] 296
[cur] 299
[cur] 295
[cur] 299
[mic] on
[mic] "Chapter"
[cur] 321
[key] ";"
[key] " "
[mic] "I"
[mic] "I hope"
[mic] "I hope eventually"
[mic] "I hope eventually the"
[mic] "I hope eventually the chapter"
[mic] "I hope eventually the chapters"
[mic] "I hope eventually the chapters are"
[mic] "I hope eventually the chapters are con"
[mic] "I hope eventually the chapters are cons"
[mic] "I hope eventually the chapters are consist"
[mic] "I hope eventually the chapters are consistent"
[mic] "I hope eventually the chapters are consistent or"
[mic] "I hope eventually the chapters are consistent or or"
[mic] "I hope eventually the chapters are consistent more or less or"
[mic] "I hope eventually the chapters are consistent more or less"
[key] " "
[del] 1
[key] "."
[key] " "
[mic] off
[expect] "Let me point out that the chapters are currently in very different shape, only because most of them may be all of them are incomplete. Some have had a lot of work, others, just a collection of ideas, none have had my final edit. So your point about the transitions, matching the depth of the chapter is kind of irrelevant; I hope eventually the chapters are consistent more or less. "
[send] "Let me point out that the chapters are currently in very different shape, only because most of them may be all of them are incomplete. Some have had a lot of work, others, just a collection of ideas, none have had my final edit. So your point about the transitions, matching the depth of the chapter is kind of irrelevant; I hope eventually the chapters are consistent more or less."

Test 2026-07-03.22-41-37:
[key] "T"
[key] "h"
[key] "is"
[key] " is a"
[key] " good"
[key] " note"
[key] ", which you"
[del] 11
[key] " which you can"
[key] " add in"
[key] " your"
[key] " scratch"
[key] " pad"
[cur] 0
[cur] 57
[key] " "
[del] 1
[key] "."
[key] " "
[key] "S"
[key] "cr"
[key] "atc"
[key] "h"
[key] " pad"
[key] " is a"
[key] " fair"
[key] "ly"
[key] " recent."
[del] 1
[key] " develop"
[key] "ment."
[del] 1
[key] " compared"
[key] " to"
[key] "."
[key] " this"
[cur] 119
[key] " "
[mic] on
[mic] "Project"
[cur] 127
[key] ","
[cur] 128
[key] " "
[mic] "And"
[mic] "And it"
[mic] "And it makes"
[mic] "And it makes sense"
[mic] "And it makes sense to"
[mic] "And it makes sense to keep"
[mic] "And it makes sense to keep style"
[mic] "And it makes sense to keep style note"
[mic] "And it makes sense to keep style notes"
[mic] "And it makes sense to keep style notes in"
[mic] "And it makes sense to keep style notes in such"
[mic] "And it makes sense to keep style notes in such their"
[cur] 179
[del] 1
[cur] 178
[del] 1
[cur] 179
[key] "r"
[cur] 180
[key] "e"
[mic] off
[expect] "This is a good note which you can add in your scratch pad. Scratch pad is a fairly recent development compared to this project, and it makes sense to keep style notes in such there ."
[send] "This is a good note which you can add in your scratch pad. Scratch pad is a fairly recent development compared to this project, and it makes sense to keep style notes in such there ."

Test 2026-07-03.22-43-24:
[mic] on
[mic] "As"
[mic] "As a"
[mic] "As a matter"
[mic] "As a matter comment"
[mic] "As a me comment"
[cur] 8
[cur] 9
[key] " "
[cur] 10
[key] "T"
[cur] 9
[del] 1
[cur] 8
[del] 1
[cur] 7
[del] 1
[cur] 8
[key] "t"
[cur] 9
[key] "a"
[cur] 10
[key] "-"
[cur] 17
[key] ","
[key] " "
[pause]
[fix] "As a meta-comment, " -> "As a meta-comment,"
[mic] "You"
[mic] "You used"
[mic] "You used to"
[mic] "You used to do"
[mic] "You used to do a"
[mic] "You used to do a lot"
[mic] "You used to do a lot of"
[mic] "You used to do a lot of stutter"
[mic] "You used to do a lot of stuttering"
[mic] "You used to do a lot of stuttering and"
[mic] "You used to do a lot of stuttering and now"
[mic] "You used to do a lot of stuttering and now you"
[mic] "You used to do a lot of stuttering and now you're"
[mic] "You used to do a lot of stuttering and now you're down"
[mic] "You used to do a lot of stuttering and now you're down to"
[mic] "You used to do a lot of stuttering and now you're down to two"
[key] " "
[del] 1
[key] "."
[key] " "
[mic] "You used to do a lot of stuttering and now you're down to two I"
[mic] "You used to do a lot of stuttering and now you're down to two I wonder"
[mic] "You used to do a lot of stuttering and now you're down to two. I wonder if"
[mic] "You used to do a lot of stuttering and now you're down to two. I wonder if the"
[mic] "You used to do a lot of stuttering and now you're down to two. I wonder if the second"
[mic] "You used to do a lot of stuttering and now you're down to two. I wonder if the second pro"
[mic] "You used to do a lot of stuttering and now you're down to two. I wonder if the second prom"
[mic] "You used to do a lot of stuttering and now you're down to two. I wonder if the second prompt"
[mic] "You used to do a lot of stuttering and now you're down to two. I wonder if the second prompt from"
[mic] "You used to do a lot of stuttering and now you're down to two. I wonder if the second prompt from your"
[mic] "You used to do a lot of stuttering and now you're down to two. I wonder if the second prompt from your harness"
[cur] 130
[del] 1
[key] " "
[cur] 130
[del] 1
[cur] 129
[del] 1
[key] " "
[mic] "It"
[mic] "It's"
[mic] "It's effect"
[mic] "It's effective"
[mic] "It's effective and"
[mic] "It's effective and should"
[mic] "It's effective and should be"
[mic] "It's effective and should be the"
[mic] "It's effective and should be the first"
[mic] "It's effective and should be the first pro"
[mic] "It's effective and should be the first prom"
[mic] "It's effective and should be the first prompt"
[cur] 128
[cur] 129
[cur] 175
[cur] 173
[cur] 175
[cur] 53
[cur] 130
[cur] 129
[del] 1
[cur] 130
[key] ","
[cur] 131
[key] " "
[pause]
[fix] "I wonder if the second prompt from your harness, it's effective and should be the first prompt" -> "I wonder if the second prompt from your harness, it's effective and should be the first prompt."
[mic] "When"
[mic] "When you"
[mic] "When you forget"
[mic] "When you forget to"
[mic] "When you forget to wish"
[mic] "When you forget to wish you"
[mic] "When you forget to wish you a"
[mic] "When you forget to wish you a command"
[cur] 169
[key] ","
[cur] 172
[cur] 174
[cur] 169
[cur] 173
[cur] 170
[cur] 171
[pause]
[fix] "I wonder if the second prompt from your harness, when you forget to wish you a command, it's effective and should be the first prompt." -> NONE
[cur] 172
[cur] 173
[cur] 172
[del] 1
[cur] 171
[del] 1
[pause]
[fix] "I wonder if the second prompt from your harness, when you forget to wish you a command, is effective and should be the first prompt." -> NONE
[mic] off
[expect] "As a meta-comment, you used to do a lot of stuttering and now you're down to two. I wonder if the second prompt from your harness, when you forget to wish you a command, is effective and should be the first prompt."
[send] "As a meta-comment, you used to do a lot of stuttering and now you're down to two. I wonder if the second prompt from your harness, when you forget to wish you a command, is effective and should be the first prompt."

Test 2026-07-03.22-44-59:
[mic] on
[mic] "In"
[mic] "In general"
[mic] "In general there"
[mic] "In general there is"
[mic] "In general, there's is"
[mic] "In general, there's never"
[mic] "In general, there's never a"
[mic] "In general, there's never appoint"
[mic] "In general, there's never appointed"
[mic] "In general, there's never appointed de"
[mic] "In general, there's never appointed describing"
[mic] "In general, there's never appointed describing what"
[mic] "In general, there's never appointed describing what you"
[mic] "In general, there's never appointed describing what you were"
[mic] "In general, there's never appointed describing what you going"
[mic] "In general, there's never appointed describing what you're going"
[mic] "In general, there's never appointed describing what you're going to"
[mic] "In general, there's never appointed describing what you're going to do"
[key] " "
[del] 1
[key] "."
[key] " "
[mic] "In general, there's never appointed describing what you're going to do just"
[mic] "In general, there's never appointed describing what you're going to do just do"
[mic] "In general, there's never appointed describing what you're going to do just do it"
[cur] 71
[cur] 70
[del] 1
[cur] 71
[key] "."
[cur] 72
[key] " "
[pause]
[fix] "just do it. " -> "Just do it."
[mic] off
[expect] "In general, there's never appointed describing what you're going to do. Just do it."
[send] "In general, there's never appointed describing what you're going to do. Just do it."

Test 2026-07-03.22-46-09:
[mic] on
[mic] "That"
[mic] "That's"
[mic] "That's enough"
[mic] "That's enough for"
[mic] "That's enough for tonight"
[mic] "That's enough for tonight."
[mic] "That's enough for tonight. Will"
[mic] "That's enough for tonight. Will do"
[mic] "That's enough for tonight. Will do more"
[mic] "That's enough for tonight. Will do more later"
[mic] "That's enough for tonight. Will do more later."
[mic] "That's enough for tonight. We'll do more later"
[mic] "That's enough for tonight. We'll do more later."
[mic] "That's enough for tonight. Will do more later."
[mic] off
[expect] "That's enough for tonight. Will do more later."
[send] "That's enough for tonight. Will do more later."

