Test 2026-06-17.09-47-35:
[key] "L"
[key] "et’"
[key] "s do"
[key] " s"
[key] "om"
[key] "e"
[key] " real"
[key] " work"
[key] " for a"
[key] " change"
[cur] 0
[cur] 36
[key] "!"
[key] " "
[key] "Fi"
[key] "nd"
[key] " all"
[key] " the"
[key] " glossary"
[key] " definition"
[key] "s"
[key] " the"
[del] 4
[key] ", the lack"
[key] " of definition"
[key] " and fill one"
[key] " in"
[cur] 38
[cur] 111
[key] " "
[del] 1
[key] "."
[key] " "
[key] " "
[key] "O"
[key] "ut"
[key] " by"
[key] " the way"
[key] " that"
[key] " if"
[key] " a"
[key] " term is"
[key] " used"
[key] " in"
[key] " several"
[key] " case"
[key] "s."
[cur] 114
[cur] 169
[cur] 168
[del] 1
[cur] 167
[del] 1
[cur] 166
[del] 1
[cur] 165
[del] 1
[cur] 164
[del] 1
[cur] 163
[del] 1
[key] "plac"
[key] "es"
[cur] 163
[cur] 169
[key] ","
[key] " "
[key] "i"
[key] "t"
[key] "’s OK to"
[key] " have"
[key] " a different"
[key] " definition"
[key] " in"
[key] " each"
[key] " place"
[cur] 171
[cur] 223
[key] " "
[del] 1
[key] "."
[key] " "
[key] "T"
[key] "hi"
[key] "s"
[key] " isn’t"
[key] " the"
[key] " way los"
[del] 2
[key] "glossie"
[del] 8
[key] "Glory normally"
[key] " work."
[del] 5
[key] "glossies"
[cur] 225
[cur] 267
[cur] 266
[del] 1
[del] 8
[cur] 248
[key] "Loos"
[cur] 249
[del] 3
[key] "glos"
[del] 5
[key] "Glory"
[cur] 244
[cur] 249
[cur] 244
[del] 5
[cur] 245
[key] "g"
[cur] 249
[key] "lows"
[del] 1
[key] "s"
[cur] 252
[key] "ies"
[cur] 254
[key] "ar"
[cur] 252
[cur] 263
[key] " glossaries "
[cur] 276
[del] 7
[key] "m"
[cur] 274
[key] ","
[key] " "
[cur] 243
[del] 2
[cur] 254
[del] 4
[cur] 270
[key] "but"
[key] " it"
[key] " could"
[key] " be"
[key] " use"
[key] "ful"
[key] " in"
[key] " talking"
[key] " about"
[key] " the way"
[key] " of"
[key] " word"
[key] " works"
[key] " in a"
[key] " particular"
[key] " context"
[cur] 270
[cur] 355
[key] " "
[del] 1
[key] "."
[key] " "
[key] "We"
[key] " can"
[key] " always"
[key] " review"
[key] " all"
[key] " of"
[key] " the addition"
[del] 7
[key] "udition."
[cur] 357
[cur] 398
[cur] 397
[del] 1
[key] "."
[cur] 388
[del] 10
[cur] 384
[del] 4
[key] " "
[key] "t"
[key] "he"
[key] " definition"
[key] "s"
[key] " later"
[key] " if we"
[key] " want to"
[key] " try"
[key] " to come up"
[key] " to"
[cur] 385
[cur] 438
[cur] 437
[del] 1
[cur] 436
[del] 1
[key] "w"
[key] "ith"
[key] " a single"
[key] " one"
[cur] 436
[cur] 453
[key] " "
[del] 1
[key] "."
[key] " "
[key] "T"
[key] "his"
[key] " is"
[key] " exactly"
[key] " how"
[key] " the"
[key] " Biblia"
[del] 14
[key] "exactly how the"
[del] 14
[key] "how the bibliography work"
[del] 1
[key] "s"
[key] " as well."
[cur] 455
[del] 51
[key] "This is exactly how the bibliography works as well."
[expect] "Let’s do some real work for a change! Find all the glossary definitions, the lack of definition and fill one in.  Out by the way that if a term is used in several places, it’s OK to have a different definition in each place. This isn’t the way glossaries normally work, but it could be useful in talking about the way of word works in a particular context. We can always review all of the definitions later if we want to try to come up with a single one. This is exactly how the bibliography works as well."
[send] "Let’s do some real work for a change! Find all the glossary definitions, the lack of definition and fill one in.  Out by the way that if a term is used in several places, it’s OK to have a different definition in each place. This isn’t the way glossaries normally work, but it could be useful in talking about the way of word works in a particular context. We can always review all of the definitions later if we want to try to come up with a single one. This is exactly how the bibliography works as well."

Test 2026-06-17.09-48-02:
[key] "The"
[key] "y"
[key] " might"
[key] " not"
[key] " say T"
[key] "BD they"
[key] " might"
[key] " be"
[key] " blank"
[cur] 0
[del] 42
[key] "They might not say TBD they might be blank"
[expect] "They might not say TBD they might be blank"
[send] "They might not say TBD they might be blank"

Test 2026-06-17.09-48-39:
[key] "A"
[key] "ct"
[key] "ual"
[key] "ly"
[key] ", you should"
[key] " look at"
[key] " the"
[key] " gloss"
[key] "ary"
[key] " H"
[key] "TM"
[key] "L"
[key] " which"
[del] 6
[key] ", which will"
[key] " tell you"
[key] " which"
[key] " words"
[key] " have"
[key] " definition"
[key] "s in which"
[key] " words"
[key] ", Don"
[del] 5
[key] " don’t"
[key] " and also"
[key] " wear"
[key] " the"
[cur] 0
[cur] 135
[del] 4
[cur] 131
[key] "where"
[cur] 127
[cur] 132
[cur] 136
[key] " "
[key] "term"
[key] " is"
[key] " mentioned"
[cur] 137
[cur] 154
[key] " "
[del] 1
[key] "."
[key] " "
[expect] "Actually, you should look at the glossary HTML, which will tell you which words have definitions in which words don’t and also where the term is mentioned. "
[send] "Actually, you should look at the glossary HTML, which will tell you which words have definitions in which words don’t and also where the term is mentioned."

Test 2026-06-17.09-49-45:
[key] "Tr"
[key] "y"
[key] " again"
[cur] 0
[del] 9
[key] "Try again"
[expect] "Try again"
[send] "Try again"

Test 2026-06-17.09-51-32:
[key] "Ye"
[key] "s"
[key] ", can you do them all"
[key] " in?"
[del] 1
[key] " one"
[key] " long pass"
[key] "?"
[cur] 0
[cur] 42
[cur] 36
[cur] 41
[cur] 42
[cur] 41
[del] 1
[key] "?"
[key] " "
[key] "J"
[key] "u"
[key] "st"
[key] " loop through"
[key] " them."
[cur] 43
[cur] 66
[cur] 65
[del] 1
[key] ","
[key] " "
[key] "D"
[key] "on"
[del] 3
[key] "don’t yell"
[del] 2
[key] "ield unti"
[key] " you"
[key] "’re done"
[cur] 67
[cur] 96
[key] " "
[del] 1
[key] "."
[key] " "
[expect] "Yes, can you do them all in one long pass? Just loop through them, don’t yield until you’re done. "
[send] "Yes, can you do them all in one long pass? Just loop through them, don’t yield until you’re done."

Test 2026-06-17.09-56-26:
[key] "Lo"
[key] "oks"
[key] " lik"
[key] "e"
[key] " you, Yile"
[del] 6
[key] " yield"
[key] " in"
[key] " by mistake"
[cur] 0
[cur] 34
[cur] 24
[cur] 20
[del] 3
[cur] 21
[key] "e"
[cur] 22
[key] "d"
[expect] "Looks like you yielded by mistake"
[send] "Looks like you yielded by mistake"

Test 2026-06-17.09-58-16:
[key] "I"
[key] "t"
[key] " looks"
[key] " like"
[cur] 0
[cur] 13
[key] " "
[key] "e"
[key] "d"
[key] "i"
[key] "t"
[key] "-"
[key] "s"
[key] "t"
[key] "a"
[key] "t"
[key] "u"
[key] "s"
[key] " "
[cur] 14
[cur] 18
[key] "you "
[cur] 22
[key] "use "
[cur] 32
[key] "the wrong "
[cur] 41
[key] "sentence "
[cur] 39
[del] 7
[key] "yntax"
[cur] 39
[key] " "
[cur] 40
[key] "f"
[cur] 41
[key] "o"
[cur] 42
[key] "r"
[cur] 38
[cur] 55
[key] " "
[cur] 55
[del] 1
[key] "and "
[key] "the"
[key] "n"
[key] " yell"
[del] 3
[key] "ield it"
[cur] 55
[cur] 72
[key] " "
[del] 1
[key] "."
[key] " "
[cur] 73
[del] 1
[cur] 72
[del] 1
[cur] 71
[del] 1
[cur] 70
[del] 1
[cur] 69
[del] 1
[key] "e"
[key] "d"
[key] " "
[del] 1
[key] "."
[key] " "
[key] "S"
[key] "inc"
[key] "e"
[key] " it"
[key] " was an"
[del] 2
[key] "n’t eve"
[key] "."
[key] " a"
[cur] 96
[key] " "
[cur] 97
[key] "to"
[cur] 99
[key] "ol"
[cur] 101
[del] 1
[key] " cal"
[cur] 96
[cur] 103
[cur] 104
[key] " "
[cur] 98
[del] 6
[cur] 95
[del] 3
[cur] 96
[key] " "
[cur] 97
[key] "t"
[cur] 98
[key] "o"
[cur] 99
[key] "o"
[cur] 100
[key] "l"
[cur] 101
[key] " "
[cur] 102
[key] "c"
[cur] 103
[key] "a"
[cur] 104
[key] "l"
[cur] 105
[key] "l"
[cur] 106
[key] " "
[cur] 107
[key] "it"
[cur] 109
[key] " land"
[cur] 114
[key] "ed"
[cur] 116
[key] " in"
[cur] 119
[key] " the chat"
[cur] 106
[del] 21
[cur] 107
[key] "it landed in the chat"
[expect] "It looks like you use the wrong syntax for edit-status and then yielded. Since it wasn’t even a tool call it landed in the chat."
[send] "It looks like you use the wrong syntax for edit-status and then yielded. Since it wasn’t even a tool call it landed in the chat."

Test 2026-06-17.10-06-29:
[key] "T"
[key] "ake"
[key] " a look"
[key] " at"
[key] " the"
[key] " definition"
[key] " of"
[key] " evolution"
[cur] 0
[cur] 42
[key] " "
[del] 1
[key] "."
[key] " "
[key] "Th"
[key] "ere"
[key] " are"
[key] " five."
[cur] 44
[cur] 59
[cur] 58
[del] 1
[key] " "
[key] "@"
[key] "y"
[key] "e"
[key] "ars"
[cur] 62
[del] 3
[key] "r"
[key] "m"
[cur] 63
[del] 1
[cur] 62
[del] 1
[cur] 61
[del] 1
[cur] 60
[del] 1
[key] "t"
[key] "e"
[key] "r"
[key] "ms"
[cur] 63
[del] 2
[key] "m"
[key] "s"
[cur] 64
[del] 1
[key] " "
[cur] 58
[cur] 59
[key] " "
[cur] 60
[key] "m"
[cur] 61
[key] "o"
[cur] 62
[key] "r"
[cur] 63
[key] "e"
[cur] 70
[key] "oc"
[key] "cur"
[key] " occurrence"
[key] "s that"
[key] " say"
[cur] 70
[cur] 96
[key] " "
[key] "T"
[key] "B"
[key] "F"
[key] " "
[del] 1
[key] "."
[key] " "
[cur] 101
[del] 1
[cur] 100
[del] 1
[cur] 99
[del] 1
[key] "D"
[key] " "
[del] 1
[key] "."
[key] " "
[key] "I"
[key] "f"
[key] " you"
[key] " remove the"
[key] " TV"
[del] 1
[key] "B"
[key] "D."
[cur] 102
[cur] 124
[cur] 123
[del] 1
[key] " "
[key] "the"
[key] " Glaus"
[del] 4
[key] "glos"
[key] "ary"
[key] " will build"
[key] " them"
[key] " to"
[key] " all"
[key] " Point"
[key] " to the"
[cur] 170
[del] 11
[key] ".2 the on"
[cur] 170
[key] " "
[key] "e"
[key] "x"
[key] "tent"
[key] " definition"
[cur] 171
[cur] 188
[cur] 177
[cur] 176
[del] 1
[cur] 175
[del] 1
[cur] 174
[del] 1
[cur] 175
[key] "a"
[cur] 176
[key] "n"
[cur] 177
[key] "t"
[cur] 163
[del] 1
[cur] 160
[del] 1
[cur] 161
[key] "p"
[cur] 162
[key] "o"
[cur] 163
[key] "i"
[cur] 164
[key] "n"
[cur] 165
[key] "t"
[cur] 166
[key] " "
[cur] 167
[key] "y"
[cur] 168
[key] "o"
[cur] 167
[del] 1
[cur] 166
[del] 1
[cur] 167
[key] "t"
[cur] 168
[key] "o"
[cur] 171
[key] " th"
[cur] 174
[key] "is "
[cur] 177
[key] "poi"
[cur] 179
[key] "nt"
[cur] 174
[del] 6
[key] "P"
[cur] 171
[cur] 177
[key] " Point "
[cur] 173
[cur] 170
[del] 6
[cur] 169
[del] 1
[cur] 168
[del] 1
[cur] 170
[cur] 174
[key] "p"
[cur] 174
[cur] 173
[cur] 174
[cur] 168
[del] 6
[expect] "Take a look at the definition of evolution. There are five more @term occur occurrences that say TBD. If you remove the TBD the glossary will build them to all point to the one extant definition"
[send] "Take a look at the definition of evolution. There are five more @term occur occurrences that say TBD. If you remove the TBD the glossary will build them to all point to the one extant definition"

Test 2026-06-17.10-07-27:
[key] "I"
[key] "t"
[key] "’s fa"
[key] "scinating how"
[key] " hard"
[key] " this is"
[key] " for you"
[cur] 0
[cur] 41
[key] " "
[del] 1
[key] "."
[key] " "
[key] "Don"
[key] "’t"
[key] " say Yile"
[del] 4
[key] "yield."
[cur] 43
[cur] 59
[cur] 58
[del] 1
[key] " "
[key] "c"
[key] "a"
[key] "ll"
[key] " the"
[key] " tool"
[key] " instead."
[cur] 59
[cur] 81
[cur] 52
[cur] 48
[del] 4
[cur] 54
[cur] 55
[key] ","
[expect] "It’s fascinating how hard this is for you. Don’t yield, call the tool instead."
[send] "It’s fascinating how hard this is for you. Don’t yield, call the tool instead."

Test 2026-06-17.10-08-06:
[key] "Sen"
[key] "d tex"
[key] "t"
[key] " aga"
[key] "in"
[cur] 0
[cur] 15
[del] 4
[cur] 5
[key] "Wrong"
[cur] 0
[cur] 5
[cur] 10
[cur] 11
[key] "￼"
[cur] 10
[del] 1
[cur] 11
[cur] 10
[del] 4
[key] "s"
[cur] 8
[key] "y"
[cur] 9
[key] "n"
[cur] 10
[key] "t"
[cur] 11
[key] "a"
[cur] 12
[key] "x"
[expect] "Wrong syntax again"
[send] "Wrong syntax again"

Test 2026-06-17.10-11-22:
[key] "evolution the process by which random variation passes through a non-random filter to produce structure that looks designed but isn't. Mutation supplies the noise, natural selection supplies the rule, and what accumulates across enough generations is an eye, a wing, an immune system. The intuition that randomness alone cannot build complexity is correct; the missed beat is that randomness was never alone. 2.6 TBD 2.7 4.5 7.4 10.3 10.7 "
[cur] 0
[cur] 1
[key] " "
[cur] 2
[key] " "
[cur] 0
[cur] 3
[key] "Her"
[cur] 4
[key] "e"
[cur] 11
[key] "’s what"
[cur] 15
[key] " the"
[cur] 21
[key] " gloss"
[cur] 24
[key] "ary"
[cur] 29
[key] " says"
[cur] 35
[key] " about"
[cur] 45
[key] " evolution"
[cur] 0
[cur] 45
[cur] 46
[key] " "
[del] 1
[key] "."
[cur] 47
[key] " "
[cur] 51
[key] "Noti"
[cur] 53
[key] "ce"
[cur] 57
[key] " the"
[cur] 67
[key] " five link"
[cur] 68
[key] "s"
[cur] 75
[key] " at the"
[cur] 82
[key] " bottom"
[cur] 86
[key] " to."
[cur] 47
[cur] 86
[cur] 85
[del] 1
[cur] 86
[key] " "
[cur] 87
[key] "T"
[cur] 88
[key] "B"
[cur] 89
[key] "D"
[cur] 90
[key] " "
[del] 1
[key] "."
[cur] 91
[key] " "
[cur] 93
[key] "No"
[cur] 94
[key] "w"
[cur] 103
[key] " you know"
[cur] 108
[key] " what"
[cur] 116
[key] " section"
[cur] 126
[key] "s to look."
[cur] 129
[key] " in"
[cur] 129
[cur] 167
[key] " Now you know what sections to look in."
[cur] 168
[key] " "
[cur] 167
[del] 1
[cur] 166
[del] 1
[cur] 167
[key] " "
[cur] 168
[key] "t"
[cur] 169
[key] "o"
[cur] 170
[key] " "
[cur] 171
[key] "f"
[cur] 172
[key] "i"
[cur] 173
[key] " "
[cur] 174
[key] "d"
[del] 1
[key] "n"
[cur] 175
[key] " "
[cur] 176
[key] "t"
[cur] 177
[key] "h"
[cur] 178
[key] "e"
[cur] 179
[key] " "
[cur] 180
[key] "@"
[cur] 181
[key] "t"
[cur] 182
[key] "e"
[cur] 183
[key] "r"
[cur] 184
[key] "m"
[cur] 185
[key] "("
[cur] 186
[key] "e"
[cur] 187
[key] "v"
[cur] 188
[key] "o"
[cur] 189
[key] "l"
[cur] 190
[key] "i"
[cur] 189
[del] 1
[cur] 190
[key] "u"
[cur] 191
[key] "t"
[cur] 192
[key] "i"
[cur] 193
[key] "o"
[cur] 194
[key] "n"
[cur] 195
[key] "."
[cur] 196
[key] "."
[cur] 195
[del] 2
[key] "…"
[cur] 196
[key] ")"
[cur] 195
[del] 1
[cur] 194
[del] 1
[cur] 193
[del] 1
[cur] 194
[key] "n"
[cur] 195
[key] ","
[cur] 196
[key] "T"
[cur] 197
[key] "B"
[cur] 198
[key] "D"
[cur] 199
[key] ")"
[cur] 180
[cur] 174
[del] 4
[cur] 175
[key] " "
[cur] 177
[key] "so"
[cur] 180
[key] "met"
[cur] 183
[key] "hin"
[cur] 184
[key] "g"
[cur] 189
[key] " that"
[cur] 200
[key] " looks like"
[cur] 175
[del] 25
[cur] 200
[key] "something that looks like"
[expect] "Here’s what the glossary says about evolution. Notice the five links at the bottom to TBD. Now you know what sections to look in Now you know what sections to look in to find something that looks like @term(evolution,TBD).  evolution the process by which random variation passes through a non-random filter to produce structure that looks designed but isn't. Mutation supplies the noise, natural selection supplies the rule, and what accumulates across enough generations is an eye, a wing, an immune system. The intuition that randomness alone cannot build complexity is correct; the missed beat is that randomness was never alone. 2.6 TBD 2.7 4.5 7.4 10.3 10.7 "
[send] "Here’s what the glossary says about evolution. Notice the five links at the bottom to TBD. Now you know what sections to look in Now you know what sections to look in to find something that looks like @term(evolution,TBD).  evolution the process by which random variation passes through a non-random filter to produce structure that looks designed but isn't. Mutation supplies the noise, natural selection supplies the rule, and what accumulates across enough generations is an eye, a wing, an immune system. The intuition that randomness alone cannot build complexity is correct; the missed beat is that randomness was never alone. 2.6 TBD 2.7 4.5 7.4 10.3 10.7"

Test 2026-06-17.10-29-04:
[key] "T"
[key] "her"
[key] "e is"
[cur] 7
[del] 2
[key] "’"
[key] " one term"
[key] " that"
[key] " has"
[key] " eight"
[key] " definition"
[key] "s"
[cur] 0
[cur] 43
[del] 11
[key] "occ"
[key] "ur oc"
[key] "c"
[key] "urre"
[key] "n"
[key] "ce"
[cur] 43
[del] 11
[key] "rences"
[key] ", but no"
[key] " definition"
[key] "s"
[cur] 32
[cur] 63
[key] ":"
[key] " "
[key] "“"
[key] "A"
[key] "I"
[key] "”"
[expect] "There’s one term that has eight occurrences, but no definitions: “AI”"
[send] "There’s one term that has eight occurrences, but no definitions: “AI”"

Test 2026-06-17.10-33-40:
[key] "Le"
[key] "t’s"
[key] " ta"
[key] "ckle"
[key] " a different"
[key] " cons"
[key] "ist"
[key] "ency"
[key] " problem"
[key] " for"
[key] " a moment"
[cur] 0
[cur] 57
[key] " "
[del] 1
[key] "."
[key] " "
[key] "S"
[key] "ome"
[key] " of"
[key] " the"
[key] " best"
[key] " destinations"
[key] " start with"
[key] " a"
[key] " capital"
[key] "."
[key] " of"
[cur] 113
[key] " Some of the best destinations start with a capital of."
[cur] 166
[del] 1
[cur] 165
[del] 1
[cur] 164
[del] 1
[cur] 165
[key] "l"
[cur] 166
[key] "ett"
[cur] 169
[key] "er"
[cur] 164
[cur] 170
[cur] 110
[cur] 113
[cur] 109
[del] 62
[key] " "
[key] "le"
[key] "tte"
[key] "r l"
[key] "ett"
[key] "er"
[cur] 110
[cur] 123
[key] " "
[cur] 123
[del] 1
[cur] 122
[del] 1
[cur] 121
[del] 1
[cur] 120
[del] 1
[cur] 119
[del] 1
[cur] 118
[del] 1
[cur] 117
[del] 1
[cur] 75
[cur] 70
[del] 5
[cur] 112
[key] "a"
[key] "nd "
[key] "mos"
[key] "t"
[key] " do not"
[cur] 112
[cur] 127
[key] " "
[del] 1
[key] "."
[key] " "
[key] "T"
[key] "hey"
[key] " sh"
[key] "oul"
[key] "d"
[key] " only start"
[key] " with"
[key] " a"
[key] " capital"
[key] " letter"
[key] "."
[del] 1
[key] " when"
[key] " it."
[del] 1
[key] " is a"
[key] " pro."
[key] "per"
[cur] 194
[key] " "
[cur] 195
[key] "n"
[cur] 196
[key] "o"
[cur] 197
[key] "u"
[cur] 198
[key] "n"
[cur] 199
[cur] 83
[del] 12
[cur] 79
[key] "definiti"
[cur] 80
[key] "o"
[cur] 81
[key] "n"
[cur] 82
[key] "s"
[cur] 71
[cur] 82
[cur] 173
[cur] 115
[cur] 114
[del] 1
[cur] 113
[del] 1
[cur] 112
[del] 1
[cur] 111
[del] 1
[cur] 110
[del] 1
[cur] 111
[key] ":"
[cur] 110
[del] 1
[cur] 111
[key] ";"
[cur] 112
[key] " "
[cur] 195
[key] " "
[key] " "
[key] "Y"
[key] "ou"
[key] " can probably"
[key] " find them"
[key] " all"
[key] " in"
[key] " one"
[key] " search"
[key] " and then"
[key] " fix"
[key] " them"
[key] " one by"
[key] " one"
[cur] 197
[cur] 270
[key] " "
[key] "in"
[key] " th"
[key] "e"
[key] " same"
[key] " loop"
[cur] 271
[cur] 287
[key] " "
[del] 1
[key] "."
[key] " "
[expect] "Let’s tackle a different consistency problem for a moment. Some of the definitions start with a capital letter; most do not. They should only start with a capital letter when it is a proper noun.  You can probably find them all in one search and then fix them one by one in the same loop. "
[send] "Let’s tackle a different consistency problem for a moment. Some of the definitions start with a capital letter; most do not. They should only start with a capital letter when it is a proper noun.  You can probably find them all in one search and then fix them one by one in the same loop."

Test 2026-06-17.11-07-01:
[key] "Y"
[key] "o"
[key] "u"
[key] " "
[key] "s"
[key] "t"
[key] "i"
[key] "c"
[key] "k"
[key] "?"
[cur] 9
[del] 1
[cur] 8
[del] 1
[cur] 7
[del] 1
[cur] 6
[del] 1
[key] "u"
[key] "c"
[key] "k"
[key] "?"
[expect] "You stuck?"
[send] "You stuck?"

Test 2026-06-17.11-17-09:
[key] "T"
[key] "her"
[key] "e"
[key] " are still"
[key] " many"
[key] " uppercase"
[cur] 0
[cur] 30
[key] "D"
[del] 1
[key] "s"
[key] " "
[del] 1
[key] "."
[key] " "
[cur] 32
[del] 1
[cur] 31
[del] 1
[cur] 30
[del] 1
[key] "d"
[key] " "
[del] 1
[key] "."
[key] " "
[key] "Fo"
[key] "r"
[key] " in"
[key] "stance."
[cur] 33
[cur] 46
[cur] 45
[del] 1
[key] ","
[key] " "
[key] "A"
[key] "c"
[key] "t"
[key] "u"
[key] "a"
[key] "lly"
[cur] 52
[del] 3
[key] "l"
[key] "ly"
[cur] 53
[del] 2
[key] " "
[key] "o"
[key] "c"
[key] "c"
[key] "a"
[key] "s"
[key] "i"
[key] "o"
[key] "n"
[key] " "
[key] "A"
[key] "n"
[key] "a"
[key] "t"
[key] "t"
[key] "s"
[cur] 68
[del] 1
[key] "a"
[key] " "
[key] "A"
[key] "s"
[key] "s"
[key] "e"
[key] "m"
[key] "b"
[key] "l"
[key] "y"
[key] " "
[key] "t"
[key] "j"
[key] "o"
[key] "s"
[key] "r"
[key] "y"
[del] 3
[key] "heo"
[key] " "
[key] " "
[key] "A"
[key] "u"
[key] "t"
[key] "o"
[key] "c"
[key] "a"
[key] "t"
[key] "a"
[key] "k"
[key] "y"
[key] "t"
[key] "i"
[key] "c"
[del] 5
[key] " catal"
[key] " "
[key] "s"
[key] "e"
[key] "t"
[cur] 105
[cur] 104
[cur] 103
[cur] 102
[cur] 101
[cur] 100
[cur] 99
[cur] 98
[cur] 97
[cur] 96
[cur] 95
[cur] 94
[cur] 93
[cur] 92
[cur] 91
[del] 1
[cur] 104
[key] " "
[cur] 104
[cur] 105
[key] " "
[cur] 106
[key] "A"
[cur] 107
[key] "u"
[cur] 108
[key] "t"
[cur] 109
[key] "o"
[cur] 110
[key] "p"
[cur] 111
[key] "o"
[cur] 112
[key] "e"
[cur] 113
[key] "s"
[cur] 114
[key] "i"
[cur] 115
[key] "s"
[cur] 46
[cur] 47
[key] " "
[cur] 48
[key] "i"
[cur] 49
[key] "n"
[cur] 50
[key] " "
[cur] 51
[key] "t"
[cur] 52
[key] "h"
[cur] 53
[key] "e"
[cur] 54
[key] " "
[cur] 55
[key] "A"
[cur] 56
[key] "’"
[cur] 57
[key] "s"
[cur] 58
[key] ":"
[expect] "There are still many uppercased. For instance, in the A’s: Actual occasion Anatta Assembly theory  Autocatalytic set Autopoesis "
[send] "There are still many uppercased. For instance, in the A’s: Actual occasion Anatta Assembly theory  Autocatalytic set Autopoesis"

Test 2026-06-17.11-18-29:
[key] "￼"
[cur] 0
[del] 1
[key] "W"
[key] "h"
[key] "e"
[key] "w"
[expect] "Whew"
[send] "Whew"

Test 2026-06-17.11-20-58:
[key] "My"
[key] " mistake"
[cur] 0
[cur] 10
[key] " "
[del] 1
[key] "."
[key] " "
[key] "I"
[key] " asked"
[key] " you"
[key] " to"
[key] " fix"
[key] " definition"
[key] "s."
[del] 1
[key] ", which you most"
[key] "ly did."
[cur] 12
[cur] 65
[key] " "
[key] " "
[key] "We"
[key] " also"
[key] " need to"
[key] " fix"
[key] " terms."
[cur] 67
[cur] 93
[cur] 86
[cur] 87
[key] " "
[cur] 88
[key] "t"
[cur] 89
[key] "h"
[cur] 90
[key] "e"
[cur] 96
[cur] 97
[key] " "
[cur] 98
[key] "them"
[cur] 102
[key] "sel"
[cur] 105
[key] "ves"
[cur] 97
[cur] 107
[cur] 108
[key] ","
[cur] 109
[key] " "
[cur] 110
[key] "us"
[cur] 112
[key] "ing"
[cur] 115
[key] " the"
[cur] 119
[key] " same"
[cur] 124
[key] " rule"
[cur] 109
[cur] 128
[cur] 129
[key] " "
[key] " "
[cur] 129
[cur] 130
[key] " "
[cur] 131
[key] " "
[cur] 132
[key] "T"
[cur] 134
[key] "here"
[cur] 138
[key] " are"
[cur] 142
[key] " still"
[cur] 148
[key] " a number"
[cur] 157
[key] " of"
[cur] 160
[key] " definition"
[cur] 170
[key] "s"
[cur] 172
[key] " that"
[cur] 177
[key] " start with"
[cur] 131
[cur] 186
[cur] 187
[key] " "
[cur] 188
[key] "“"
[cur] 189
[key] "T"
[cur] 190
[key] "h"
[cur] 191
[key] "e"
[cur] 192
[key] "”"
[cur] 193
[key] " "
[cur] 195
[key] "ins"
[cur] 198
[key] "tea"
[cur] 200
[key] "d"
[cur] 202
[key] " of"
[cur] 193
[cur] 203
[cur] 204
[key] " "
[cur] 205
[key] "“"
[cur] 206
[key] "t"
[cur] 207
[key] "h"
[key] "e"
[cur] 207
[del] 1
[cur] 208
[key] "e"
[cur] 209
[key] "”"
[expect] "My mistake. I asked you to fix definitions, which you mostly did.  We also need to fix the terms themselves, using the same rule.  There are still a number of definitions that start with “The” instead of “the”  "
[send] "My mistake. I asked you to fix definitions, which you mostly did.  We also need to fix the terms themselves, using the same rule.  There are still a number of definitions that start with “The” instead of “the”"

Test 2026-06-17.11-23-02:
[key] "A"
[key] "g"
[key] "a"
[key] "i"
[key] "n"
[cur] 4
[del] 1
[key] "n"
[expect] "Again"
[send] "Again"

Test 2026-06-17.11-23-31:
[key] "O"
[key] "k"
[expect] "Ok"
[send] "Ok"

